1 3.583900546
2 6.361043527
3 -1
4 -1
5 0.6924462069
6 -1
8 4.112637751
9 0.8490090586
