1 0.6666666667
2 0.5
3 0.6666666667
4 0.5
5 1
6 0.5833333333
7 1.4
