1 5.576428623
2 4.893334477
3 -1
4 1.095336669
5 1.792266488
6 -1
8 4.499677436
9 0.8651153595
11 -1
51 -1
