1 5.111268654
2 4.388516436
3 -1
4 0.5850679082
5 0.5850679082
6 -1
8 4.390480158
9 0.7128473795
11 -1
51 -1
