1 1.27992746
2 3.155892267
3 -1
4 -1
5 -1
6 -1
8 1.036162319
9 1.359245518
