1 0.3758388194
2 0.8332850865
3 0.3709984087
4 0.2340879037
7 0.3533967951
