1 0.2802114009
2 0.4441654859
3 0.3709984087
4 0.2802114009
7 0.4441654859
