1 0.1818679246
2 0.1100515239
3 0.2198203856
4 0.2093656026
7 0.157864073
