0 1 1
0 2 2
0 3 3
0 4 3.75
1 2 1
1 3 2
1 4 2.75
2 3 1
2 4 1.75
3 4 0.75
