0 1 0.7071067812
0 5 1.707106781
0 6 -1
0 8 2.707106781
0 11 3.707106781
0 13 -1
1 5 1.828427125
1 6 -1
1 8 2.828427125
1 11 3.828427125
1 13 -1
5 6 -1
5 8 1
5 11 2
5 13 -1
6 8 -1
6 11 -1
6 13 0.8578643762
8 11 1
8 13 -1
11 13 -1
