1 2 10.77510699
1 3 -1
1 4 7.867040948
1 5 9.840493261
1 6 -1
1 8 6.721786821
1 9 8.318729702
1 11 -1
1 51 -1
2 3 -1
2 4 5.203747779
2 5 7.269448242
2 6 -1
2 8 9.334240041
2 9 5.766948157
2 11 -1
2 51 -1
3 4 -1
3 5 -1
3 6 -1
3 8 -1
3 9 -1
3 11 -1
3 51 -1
4 5 2.713979843
4 6 -1
4 8 6.413744813
4 9 1.346854974
4 11 -1
4 51 -1
5 6 -1
5 8 8.386535062
5 9 1.83245943
5 11 -1
5 51 -1
6 8 -1
6 9 -1
6 11 -1
6 51 -1
8 9 6.864633249
8 11 -1
8 51 -1
9 11 -1
9 51 -1
11 51 -1
