0 1 2 3 4 7
1 0 1.301128923 0.6608942844 0.422582884 0.6793577214
2 1.301128923 0 1.290061343 1.174527439 0.8642225397
3 0.6608942844 1.290061343 0 0.422582884 0.6609479645
4 0.422582884 1.174527439 0.422582884 0 0.5490851492
7 0.6793577214 0.8642225397 0.6609479645 0.5490851492 0
