0 1 2 3 4 7
1 0 0.2434768717 0.3448848592 0.2990289659 0.332769972
2 0.2434768717 0 0.3021830397 0.3534051056 0.174033215
3 0.3448848592 0.3021830397 0 0.3377716953 0.3726459788
4 0.2990289659 0.3534051056 0.3377716953 0 0.4000720507
7 0.332769972 0.174033215 0.3726459788 0.4000720507 0
