0 1 2 3 4 5 6 8 9 11 51
1 0 10.06879701 -1 6.567902352 6.567902352 -1 6.513068652 7.056054459 -1 -1
2 10.06879701 0 -1 4.441050573 4.441050573 -1 9.170223961 5.026075597 -1 -1
3 -1 -1 0 -1 -1 -1 -1 -1 -1 -1
4 6.567902352 4.441050573 -1 0 0 -1 5.649060599 0.7164503266 -1 -1
5 6.567902352 4.441050573 -1 0 0 -1 5.649060599 0.7164503266 -1 -1
6 -1 -1 -1 -1 -1 0 -1 -1 -1 -1
8 6.513068652 9.170223961 -1 5.649060599 5.649060599 -1 0 6.136173111 -1 -1
9 7.056054459 5.026075597 -1 0.7164503266 0.7164503266 -1 6.136173111 0 -1 -1
11 -1 -1 -1 -1 -1 -1 -1 -1 0 -1
51 -1 -1 -1 -1 -1 -1 -1 -1 -1 0
