1 2 1
1 3 1
1 4 0.75
1 7 3.4
2 3 3
2 4 4
2 7 1.4
3 4 1
3 7 5.4
4 7 6.4
