1 2 0
1 3 1
1 4 1.661831623
1 5 2.01450513
2 3 1
2 4 1.661831623
2 5 2.01450513
3 4 0.6618316233
3 5 1.01450513
4 5 0.5217576953
