0 1 2 3 4 7
1 0 1 1 0.75 -1
2 1 0 3 4 1.4
3 1 3 0 1 -1
4 0.75 4 1 0 -1
7 -1 1.4 -1 -1 0
