1 2 0.4818662422
1 3 0.4024945292
1 4 0
1 7 0.4985357057
2 3 0.6379883491
2 4 0.4818662422
2 7 0
3 4 0.4024945292
3 7 0.6540425805
4 7 0.4985357057
