0 1 2 3 4 7
1 0 0.4818662422 0.4024945292 0 0.4985357057
2 0.4818662422 0 0.6379883491 0.4818662422 0
3 0.4024945292 0.6379883491 0 0.4024945292 0.6540425805
4 0 0.4818662422 0.4024945292 0 0.4985357057
7 0.4985357057 0 0.6540425805 0.4985357057 0
