1 2 -1
1 3 -1
1 4 3.642630537
1 5 -1
1 6 -1
1 8 -1
1 9 4.620646073
2 3 -1
2 4 1.059244207
2 5 -1
2 6 -1
2 8 3.144837195
2 9 2.11971897
3 4 -1
3 5 -1
3 6 -1
3 8 -1
3 9 -1
4 5 -1
4 6 -1
4 8 3.577625832
4 9 1.518835902
5 6 -1
5 8 -1
5 9 -1
6 8 -1
6 9 -1
8 9 -1
