0 1 2 3 4 5
1 0 0 1 1.661831623 2.01450513
2 0 0 1 1.661831623 2.01450513
3 1 1 0 0.6618316233 1.01450513
4 1.661831623 1.661831623 0.6618316233 0 0.5217576953
5 2.01450513 2.01450513 1.01450513 0.5217576953 0
