0 1 2 3 4 5
1 0 0 1 2 2.75
2 0 0 1 2 2.75
3 1 1 0 1 1.75
4 2 2 1 0 0.75
5 2.75 2.75 1.75 0.75 0
