1 2 1
1 3 2
1 4 3
1 5 4
1 6 2
1 7 3.4
2 3 3
2 4 4
2 5 5
2 6 1
2 7 2.4
3 4 1
3 5 2
3 6 4
3 7 5.4
4 5 1
4 6 5
4 7 6.4
5 6 6
5 7 7.4
6 7 1.4
