0 1 2 3 4 5 6 8 9
1 0 3.203197208 -1 -1 -1 -1 2.811118702 -1
2 3.203197208 0 -1 -1 -1 -1 -1 -1
3 -1 -1 0 -1 -1 -1 -1 -1
4 -1 -1 -1 0 -1 -1 -1 -1
5 -1 -1 -1 -1 0 -1 -1 -1
6 -1 -1 -1 -1 -1 0 -1 -1
8 2.811118702 -1 -1 -1 -1 -1 0 4.554636321
9 -1 -1 -1 -1 -1 -1 4.554636321 0
