1 2 0
1 3 1
1 4 2
1 5 2.75
2 3 1
2 4 2
2 5 2.75
3 4 1
3 5 1.75
4 5 0.75
