1 2 1.301128923
1 3 0.6608942844
1 4 0.422582884
1 7 0.6793577214
2 3 1.290061343
2 4 1.174527439
2 7 0.8642225397
3 4 0.422582884
3 7 0.6609479645
4 7 0.5490851492
