0 1 2 3 4 5 6 7
1 0 1 2 3 4 2 3.4
2 1 0 3 4 5 1 2.4
3 2 3 0 1 2 4 5.4
4 3 4 1 0 1 5 6.4
5 4 5 2 1 0 6 7.4
6 2 1 4 5 6 0 1.4
7 3.4 2.4 5.4 6.4 7.4 1.4 0
