0 1 2 3 4 5 6 8 9 11 51
1 0 10.77510699 -1 7.867040948 9.840493261 -1 6.721786821 8.318729702 -1 -1
2 10.77510699 0 -1 5.203747779 7.269448242 -1 9.334240041 5.766948157 -1 -1
3 -1 -1 0 -1 -1 -1 -1 -1 -1 -1
4 7.867040948 5.203747779 -1 0 2.713979843 -1 6.413744813 1.346854974 -1 -1
5 9.840493261 7.269448242 -1 2.713979843 0 -1 8.386535062 1.83245943 -1 -1
6 -1 -1 -1 -1 -1 0 -1 -1 -1 -1
8 6.721786821 9.334240041 -1 6.413744813 8.386535062 -1 0 6.864633249 -1 -1
9 8.318729702 5.766948157 -1 1.346854974 1.83245943 -1 6.864633249 0 -1 -1
11 -1 -1 -1 -1 -1 -1 -1 -1 0 -1
51 -1 -1 -1 -1 -1 -1 -1 -1 -1 0
