1 2 0.2434768717
1 3 0.3448848592
1 4 0.2990289659
1 7 0.332769972
2 3 0.3021830397
2 4 0.3534051056
2 7 0.174033215
3 4 0.3377716953
3 7 0.3726459788
4 7 0.4000720507
