0 0 1 5 6 8 11 13
0 0 0.7071067812 1.707106781 -1 2.707106781 3.707106781 -1
1 0.7071067812 0 1.828427125 -1 2.828427125 3.828427125 -1
5 1.707106781 1.828427125 0 -1 1 2 -1
6 -1 -1 -1 0 -1 -1 0.8578643762
8 2.707106781 2.828427125 1 -1 0 1 -1
11 3.707106781 3.828427125 2 -1 1 0 -1
13 -1 -1 -1 0.8578643762 -1 -1 0
