0 0 1 2 3 4
0 0 1 2 3 3.75
1 1 0 1 2 2.75
2 2 1 0 1 1.75
3 3 2 1 0 0.75
4 3.75 2.75 1.75 0.75 0
